// Jest Snapshot v1, https://goo.gl/fbAQLP

exports[`Render CitiesList Render CitiesList 1`] = `
<ul
  className="locations__list tabs__list"
>
  <li
    className="locations__item"
  >
    <a
      className="locations__item-link tabs__item tabs__item--active"
      href="/"
      id="Paris"
      onClick={[Function]}
    >
      <span>
        Paris
      </span>
    </a>
  </li>
  <li
    className="locations__item"
  >
    <a
      className="locations__item-link tabs__item"
      href="/"
      id="Cologne"
      onClick={[Function]}
    >
      <span>
        Cologne
      </span>
    </a>
  </li>
  <li
    className="locations__item"
  >
    <a
      className="locations__item-link tabs__item"
      href="/"
      id="Brussels"
      onClick={[Function]}
    >
      <span>
        Brussels
      </span>
    </a>
  </li>
  <li
    className="locations__item"
  >
    <a
      className="locations__item-link tabs__item"
      href="/"
      id="Amsterdam"
      onClick={[Function]}
    >
      <span>
        Amsterdam
      </span>
    </a>
  </li>
  <li
    className="locations__item"
  >
    <a
      className="locations__item-link tabs__item"
      href="/"
      id="Hamburg"
      onClick={[Function]}
    >
      <span>
        Hamburg
      </span>
    </a>
  </li>
  <li
    className="locations__item"
  >
    <a
      className="locations__item-link tabs__item"
      href="/"
      id="Dusseldorf"
      onClick={[Function]}
    >
      <span>
        Dusseldorf
      </span>
    </a>
  </li>
</ul>
`;
