// Jest Snapshot v1, https://goo.gl/fbAQLP

exports[`Render Preloader Render Preloader 1`] = `
<div
  style={
    Object {
      "color": "red",
      "left": "50%",
      "position": "absolute",
      "textSize": "100",
      "top": "50%",
    }
  }
>
  PROCESSING
</div>
`;
